C:\Users\daw1_a\Base de datos
λ cd ..

C:\Users\daw1_a
λ git clone https://github.com/carlosgs-iesquevedo/entornos1T.git examen-APELLIDO1-APELLIDO2
Cloning into 'examen-APELLIDO1-APELLIDO2'...
remote: Enumerating objects: 7, done.
remote: Counting objects: 100% (7/7), done.
remote: Compressing objects: 100% (5/5), done.
remote: Total 7 (delta 0), reused 0 (delta 0), pack-reused 0
Unpacking objects: 100% (7/7), done.

C:\Users\daw1_a
λ git log
fatal: not a git repository (or any of the parent directories): .git

C:\Users\daw1_a
λ cd C:\Users\daw1_a\examen-APELLIDO1-APELLIDO2

C:\Users\daw1_a\examen-APELLIDO1-APELLIDO2 (main -> origin)
λ git branch APELLIDO1-APELLIDO2

C:\Users\daw1_a\examen-APELLIDO1-APELLIDO2 (main -> origin)
λ git branch
  APELLIDO1-APELLIDO2
* main

C:\Users\daw1_a\examen-APELLIDO1-APELLIDO2 (main -> origin)
λ git checkout APELLIDO1-APELLIDO2
Switched to branch 'APELLIDO1-APELLIDO2'

C:\Users\daw1_a\examen-APELLIDO1-APELLIDO2 -> origin (APELLIDO1-APELLIDO2 -> origin)
λ mkdir respuestas

C:\Users\daw1_a\examen-APELLIDO1-APELLIDO2 -> origin (APELLIDO1-APELLIDO2 -> origin)
λ cd C:\Users\daw1_a\examen-APELLIDO1-APELLIDO2\respuestas

C:\Users\daw1_a\examen-APELLIDO1-APELLIDO2 -> origin\respuestas (APELLIDO1-APELLIDO2 -> origin)
λ touch ejercicio1.4.txt

C:\Users\daw1_a\examen-APELLIDO1-APELLIDO2 -> origin\respuestas (APELLIDO1-APELLIDO2 -> origin)
λ git log
commit b79c7ba1a5c71fc30ef8de370fdd12c40e316a8a (HEAD -> APELLIDO1-APELLIDO2, origin/main, origin/HEAD, main)
Author: Carlos González Sánchez <carlosgs.iesquevedo@gmail.com>
Date:   Fri Dec 4 11:11:30 2020 +0100

    Update .gitignore

    Ignorar ficheros de IntelliJ y MacOS

commit 7b39baf748c6a994c95cdb9df0eba4b586319a14
Author: Carlos González Sánchez <carlosgs.iesquevedo@gmail.com>
Date:   Fri Dec 4 11:03:21 2020 +0100

    Initial commit

C:\Users\daw1_a\examen-APELLIDO1-APELLIDO2 -> origin\respuestas (APELLIDO1-APELLIDO2 -> origin)
λ git branch
* APELLIDO1-APELLIDO2
  main
C:\Users\daw1_a\examen-APELLIDO1-APELLIDO2 -> origin\respuestas (APELLIDO1-APELLIDO2 -> origin)
λ git log --graph --oneline --decorate --all
* b79c7ba (HEAD -> APELLIDO1-APELLIDO2, origin/main, origin/HEAD, main) Update .gitignore
* 7b39baf Initial commit